Summary:
Passed: 2, Failed: 0, Skipped: 0 (Total: 2) in [..]
