> Running checklist 'rust'
[PASS] README should follow the standard format [..]
[PASS] Cargo lockfile should exist [..]
